// Code generated by go-swagger; DO NOT EDIT.

package models

// This file was generated by the swagger tool.
// Editing this file might prove futile when you re-run the swagger generate command

import (
	strfmt "github.com/go-openapi/strfmt"

	"github.com/go-openapi/errors"
	"github.com/go-openapi/swag"
	"github.com/go-openapi/validate"
)

// FooDef foo def
// swagger:model foo_def
type FooDef struct {

	// bar
	// Required: true
	// Min Length: 1
	Bar *string `json:"bar"`

	// baz
	// Required: true
	Baz *int64 `json:"baz"`
}

// Validate validates this foo def
func (m *FooDef) Validate(formats strfmt.Registry) error {
	var res []error

	if err := m.validateBar(formats); err != nil {
		res = append(res, err)
	}

	if err := m.validateBaz(formats); err != nil {
		res = append(res, err)
	}

	if len(res) > 0 {
		return errors.CompositeValidationError(res...)
	}
	return nil
}

func (m *FooDef) validateBar(formats strfmt.Registry) error {

	if err := validate.Required("bar", "body", m.Bar); err != nil {
		return err
	}

	if err := validate.MinLength("bar", "body", string(*m.Bar), 1); err != nil {
		return err
	}

	return nil
}

func (m *FooDef) validateBaz(formats strfmt.Registry) error {

	if err := validate.Required("baz", "body", m.Baz); err != nil {
		return err
	}

	return nil
}

// MarshalBinary interface implementation
func (m *FooDef) MarshalBinary() ([]byte, error) {
	if m == nil {
		return nil, nil
	}
	return swag.WriteJSON(m)
}

// UnmarshalBinary interface implementation
func (m *FooDef) UnmarshalBinary(b []byte) error {
	var res FooDef
	if err := swag.ReadJSON(b, &res); err != nil {
		return err
	}
	*m = res
	return nil
}
