unary_calls:{method:"/magma.sctpd.SctpdUplink/SendUl" request:{type_url:"type.googleapis.com/magma.sctpd.SendUlReq" value:"\x08\x03\x1a3\x00\x11\x00/\x00\x00\x04\x00;\x00\t\x00\x00\xf1\x10@\x00\x00\x00\xa0\x00<@\x0b\x80\t\"RADISYS\"\x00@\x00\x07\x00\x00\x00@\x00\xf1\x10\x00\x89@\x01\x00 \x12"} response:{type_url:"type.googleapis.com/magma.sctpd.SendUlRes"}} unary_calls:{method:"/magma.sctpd.SctpdDownlink/SendDl" request:{type_url:"type.googleapis.com/magma.sctpd.SendDlReq" value:"\x08\x03\x1a\x1b \x11\x00\x17\x00\x00\x02\x00i\x00\x0b\x00\x00\x00\xf1\x10\x00\x00\x00\x01\x00\x01\x00W@\x01\x0b \x12"} response:{type_url:"type.googleapis.com/magma.sctpd.SendDlRes" value:"\x08\x01"}} unary_calls:{method:"/magma.sctpd.SctpdUplink/SendUl" request:{type_url:"type.googleapis.com/magma.sctpd.SendUlReq" value:"\x08\x03\x10\x01\x1aL\x00\x0c@H\x00\x00\x05\x00\x08\x00\x02\x00\x01\x00\x1a\x00 \x1f\x07Aq\x08\t\x10\x10\x00\x00\x00\x00\x10\x02\xe0\xe0\x00\x04\x02\x01\xd0\x11@\x08\x04\x02`\x04\x00\x02\x1c\x00\x00C\x00\x06\x00\x00\xf1\x10\x00\x01\x00d@\x08\x00\x00\xf1\x10\x00\x00\x00\xa0\x00\x86@\x010 \x12"} response:{type_url:"type.googleapis.com/magma.sctpd.SendUlRes"}} unary_calls:{method:"/magma.sctpd.SctpdDownlink/SendDl" request:{type_url:"type.googleapis.com/magma.sctpd.SendDlReq" value:"\x08\x03\x10\x01\x1a<\x00\x0b@8\x00\x00\x03\x00\x00\x00\x02\x00\x01\x00\x08\x00\x02\x00\x01\x00\x1a\x00%$\x07R\x00TK\x01\xee\xf0\x1b3\x114\nx\x90\x16\xa4/w\x10ƪ\xfb\x16aV\x80\x00\xd5LVG}\xed}\x93 \x12"} response:{type_url:"type.googleapis.com/magma.sctpd.SendDlRes" value:"\x08\x01"}} unary_calls:{method:"/magma.sctpd.SctpdUplink/SendUl" request:{type_url:"type.googleapis.com/magma.sctpd.SendUlReq" value:"\x08\x03\x10\x01\x1aA\x00\r@=\x00\x00\x05\x00\x00\x00\x02\x00\x01\x00\x08\x00\x02\x00\x01\x00\x1a\x00\x14\x13\x07S\x10\xc1\xa8\x1e3\x1fO:\x7f\x00\x00\x00\x00\x00\x00\x00\x00\x00d@\x08\x00\x00\xf1\x10\x00\x00\x00\xa0\x00C@\x06\x00\x00\xf1\x10\x00\x01 \x12"} response:{type_url:"type.googleapis.com/magma.sctpd.SendUlRes"}} unary_calls:{method:"/magma.sctpd.SctpdDownlink/SendDl" request:{type_url:"type.googleapis.com/magma.sctpd.SendDlReq" value:"\x08\x03\x10\x01\x1a&\x00\x0b@\"\x00\x00\x03\x00\x00\x00\x02\x00\x01\x00\x08\x00\x02\x00\x01\x00\x1a\x00\x0f\x0e7\xaeu\xb0\xea\x00\x07]\x02\x00\x02\xe0\xe0\xc1 \x12"} response:{type_url:"type.googleapis.com/magma.sctpd.SendDlRes" value:"\x08\x01"}} unary_calls:{method:"/magma.sctpd.SctpdUplink/SendUl" request:{type_url:"type.googleapis.com/magma.sctpd.SendUlReq" value:"\x08\x03\x10\x01\x1aA\x00\r@=\x00\x00\x05\x00\x00\x00\x02\x00\x01\x00\x08\x00\x02\x00\x01\x00\x1a\x00\x14\x13GG\xe8\x9c\x0e\x00\x07^#\t3\x08E\x864\x121q\xf1\x00d@\x08\x00\x00\xf1\x10\x00\x00\x00\xa0\x00C@\x06\x00\x00\xf1\x10\x00\x01 \x12"} response:{type_url:"type.googleapis.com/magma.sctpd.SendUlRes"}} unary_calls:{method:"/magma.sctpd.SctpdDownlink/SendDl" request:{type_url:"type.googleapis.com/magma.sctpd.SendDlReq" value:"\x08\x03\x10\x01\x1a\xaa\x01\x00\t\x00\x80\xa5\x00\x00\x06\x00\x00\x00\x02\x00\x01\x00\x08\x00\x02\x00\x01\x00B\x00\n\x18\x0b\xeb\xc2\x00`\x05\xf5\xe1\x00\x00\x18\x00W\x00\x004\x00RE\x00\t>\x0f\x80\xc0\xa8<\x8e\x00\x00\x00\x01C'\x900\xb0S\x01\x07B\x01I\x06 \x00\xf1\x10\x00\x01\x00\x1dR\x01\xc1\x01\t\x0b\x05magma\x04ipv4\x05\x01\xc0\xa8\x80\x0c^\x04\xff\xff\x9e\xdeP\x0b\xf6\x00\xf1\x10\x00\x01\x01~Wz\xa3\x17!d\x02\x00\x00\x00k\x00\x05\x18\x00\x0c\x00\x00\x00I\x00 \xe0?73ÙL\xae%\xaf\x035J\xb1\xa7d\xc0^\x04\x7f\x81\x01\xadS\x85Cs\xb8P\xf4\xb33 \x12"} response:{type_url:"type.googleapis.com/magma.sctpd.SendDlRes" value:"\x08\x01"}} unary_calls:{method:"/magma.sctpd.SctpdUplink/SendUl" request:{type_url:"type.googleapis.com/magma.sctpd.SendUlReq" value:"\x08\x03\x10\x01\x1a& \t\x00\"\x00\x00\x03\x00\x00@\x02\x00\x01\x00\x08@\x02\x00\x01\x003@\x0f\x00\x002@\n\n\x1f\xc0\xa8<\x8d\n\x00\x01( \x12"} response:{type_url:"type.googleapis.com/magma.sctpd.SendUlRes"}} unary_calls:{method:"/magma.sctpd.SctpdUplink/SendUl" request:{type_url:"type.googleapis.com/magma.sctpd.SendUlReq" value:"\x08\x03\x10\x01\x1aW\x00\x16@S\x00\x00\x03\x00\x00\x00\x02\x00\x01\x00\x08\x00\x02\x00\x01\x00J@@?\x01\xe8\x01\x03\xacY\x80\x07\x00\x08 \x81\x83\x9bN\x1c?\xf8\x7f\xf0\xff\xe1\xff\xc3\xff\x87\xff\x0f\xfe\x1f\xfd\xf87bx\x00\xa0\x18_\x80\x00\x00\x00\x1c\x07\xe0݉\xe0\x00\x00\x00\x07\t\xf87bx\x00\x00\x00\x00\x00 \x12"} response:{type_url:"type.googleapis.com/magma.sctpd.SendUlRes"}} unary_calls:{method:"/magma.sctpd.SctpdUplink/SendUl" request:{type_url:"type.googleapis.com/magma.sctpd.SendUlReq" value:"\x08\x03\x10\x01\x1a;\x00\r@7\x00\x00\x05\x00\x00\x00\x02\x00\x01\x00\x08\x00\x02\x00\x01\x00\x1a\x00\x0e\r'S*Og\x01\x07C\x00\x03R\x00\xc2\x00d@\x08\x00\x00\xf1\x10\x00\x00\x00\xa0\x00C@\x06\x00\x00\xf1\x10\x00\x01 \x12"} response:{type_url:"type.googleapis.com/magma.sctpd.SendUlRes"}} unary_calls:{method:"/magma.sctpd.SctpdDownlink/SendDl" request:{type_url:"type.googleapis.com/magma.sctpd.SendDlReq" value:"\x08\x03\x10\x01\x1a3\x00\x0b@/\x00\x00\x03\x00\x00\x00\x02\x00\x01\x00\x08\x00\x02\x00\x01\x00\x1a\x00\x1c\x1b'\xc2\x1d\xcd\x12\x02\x07aC\x01\x80E\x01\x80F\x00G\x12\x11B\x91\x02\x12\x00I\x01\x00 \x12"} response:{type_url:"type.googleapis.com/magma.sctpd.SendDlRes" value:"\x08\x01"}} unary_calls:{method:"/magma.sctpd.SctpdUplink/SendUl" request:{type_url:"type.googleapis.com/magma.sctpd.SendUlReq" value:"\x08\x03\x10\x01\x1aC\x00\r@?\x00\x00\x05\x00\x00\x00\x02\x00\x01\x00\x08\x00\x02\x00\x01\x00\x1a\x00\x16\x15'!E\xba\xe3\x02\x07E\x01\x0b\xf6\x00\xf1\x10\x00\x01\x01~Wz\xa3\x00d@\x08\x00\x00\xf1\x10\x00\x00\x00\xa0\x00C@\x06\x00\x00\xf1\x10\x00\x01 \x12"} response:{type_url:"type.googleapis.com/magma.sctpd.SendUlRes"}} unary_calls:{method:"/magma.sctpd.SctpdDownlink/SendDl" request:{type_url:"type.googleapis.com/magma.sctpd.SendDlReq" value:"\x08\x03\x10\x01\x1a \x00\x0b@\x1c\x00\x00\x03\x00\x00\x00\x02\x00\x01\x00\x08\x00\x02\x00\x01\x00\x1a\x00\t\x08'\xc2\xf6\xe48\x03\x07F \x12"} response:{type_url:"type.googleapis.com/magma.sctpd.SendDlRes" value:"\x08\x01"}} unary_calls:{method:"/magma.sctpd.SctpdDownlink/SendDl" request:{type_url:"type.googleapis.com/magma.sctpd.SendDlReq" value:"\x08\x03\x10\x01\x1a\x14\x00\x17\x00\x10\x00\x00\x02\x00c\x00\x04\x00\x01\x00\x01\x00\x02@\x01$ \x12"} response:{type_url:"type.googleapis.com/magma.sctpd.SendDlRes" value:"\x08\x01"}} unary_calls:{method:"/magma.sctpd.SctpdUplink/SendUl" request:{type_url:"type.googleapis.com/magma.sctpd.SendUlReq" value:"\x08\x03\x10\x01\x1a\x13 \x17\x00\x0f\x00\x00\x02\x00\x00@\x02\x00\x01\x00\x08@\x02\x00\x01 \x12"} response:{type_url:"type.googleapis.com/magma.sctpd.SendUlRes"}} unary_calls:{method:"/magma.sctpd.SctpdUplink/SendUl" request:{type_url:"type.googleapis.com/magma.sctpd.SendUlReq" value:"\x08\x03\x10\x02\x1aL\x00\x0c@H\x00\x00\x05\x00\x08\x00\x02\x00\x02\x00\x1a\x00 \x1f\x07Aq\x08\t\x10\x10\x00\x00\x00\x00 \x02\xe0\xe0\x00\x04\x02\x01\xd0\x11@\x08\x04\x02`\x04\x00\x02\x1c\x00\x00C\x00\x06\x00\x00\xf1\x10\x00\x01\x00d@\x08\x00\x00\xf1\x10\x00\x00\x00\xa0\x00\x86@\x010 \x12"} response:{type_url:"type.googleapis.com/magma.sctpd.SendUlRes"}} unary_calls:{method:"/magma.sctpd.SctpdDownlink/SendDl" request:{type_url:"type.googleapis.com/magma.sctpd.SendDlReq" value:"\x08\x03\x10\x02\x1a<\x00\x0b@8\x00\x00\x03\x00\x00\x00\x02\x00\x02\x00\x08\x00\x02\x00\x02\x00\x1a\x00%$\x07R\x00\x01\xd0v\x99\x0buT\xe4/\x0b\x172UC\xe2\xe8\x10\xf6\xbfk\xaf\xa1\x17\x80\x00\xfd׈'\xb2Z\xc0[ \x12"} response:{type_url:"type.googleapis.com/magma.sctpd.SendDlRes" value:"\x08\x01"}} unary_calls:{method:"/magma.sctpd.SctpdUplink/SendUl" request:{type_url:"type.googleapis.com/magma.sctpd.SendUlReq" value:"\x08\x03\x10\x02\x1aA\x00\r@=\x00\x00\x05\x00\x00\x00\x02\x00\x02\x00\x08\x00\x02\x00\x02\x00\x1a\x00\x14\x13\x07S\x10͉H\xee\xfd:|\x15\x00\x00\x00\x00\x00\x00\x00\x00\x00d@\x08\x00\x00\xf1\x10\x00\x00\x00\xa0\x00C@\x06\x00\x00\xf1\x10\x00\x01 \x12"} response:{type_url:"type.googleapis.com/magma.sctpd.SendUlRes"}} unary_calls:{method:"/magma.sctpd.SctpdDownlink/SendDl" request:{type_url:"type.googleapis.com/magma.sctpd.SendDlReq" value:"\x08\x03\x10\x02\x1a&\x00\x0b@\"\x00\x00\x03\x00\x00\x00\x02\x00\x02\x00\x08\x00\x02\x00\x02\x00\x1a\x00\x0f\x0e7\x93ӑ\x0f\x00\x07]\x02\x00\x02\xe0\xe0\xc1 \x12"} response:{type_url:"type.googleapis.com/magma.sctpd.SendDlRes" value:"\x08\x01"}} unary_calls:{method:"/magma.sctpd.SctpdUplink/SendUl" request:{type_url:"type.googleapis.com/magma.sctpd.SendUlReq" value:"\x08\x03\x10\x02\x1aA\x00\r@=\x00\x00\x05\x00\x00\x00\x02\x00\x02\x00\x08\x00\x02\x00\x02\x00\x1a\x00\x14\x13Gk7z|\x00\x07^#\t3\x08E\x864\x121q\xf2\x00d@\x08\x00\x00\xf1\x10\x00\x00\x00\xa0\x00C@\x06\x00\x00\xf1\x10\x00\x01 \x12"} response:{type_url:"type.googleapis.com/magma.sctpd.SendUlRes"}} unary_calls:{method:"/magma.sctpd.SctpdDownlink/SendDl" request:{type_url:"type.googleapis.com/magma.sctpd.SendDlReq" value:"\x08\x03\x10\x02\x1a\xaa\x01\x00\t\x00\x80\xa5\x00\x00\x06\x00\x00\x00\x02\x00\x02\x00\x08\x00\x02\x00\x02\x00B\x00\n\x18\x0b\xeb\xc2\x00`\x05\xf5\xe1\x00\x00\x18\x00W\x00\x004\x00RE\x00\t>\x0f\x80\xc0\xa8<\x8e\x00\x00\x00\x02C'Y.\xe8\x9f\x01\x07B\x01I\x06 \x00\xf1\x10\x00\x01\x00\x1dR\x01\xc1\x01\t\x0b\x05magma\x04ipv4\x05\x01\xc0\xa8\x80\r^\x04\xff\xff\x9e\xdeP\x0b\xf6\x00\xf1\x10\x00\x01\x01\x0cqߢ\x17!d\x02\x00\x00\x00k\x00\x05\x18\x00\x0c\x00\x00\x00I\x00 f\t)@\xbb\xcd\xcdo\xebU?\x88\xe5\\A\x98c\xec\x1eBN\xa4\xbf?}:\x85\x8a\x8ayM\x1b \x12"} response:{type_url:"type.googleapis.com/magma.sctpd.SendDlRes" value:"\x08\x01"}} unary_calls:{method:"/magma.sctpd.SctpdUplink/SendUl" request:{type_url:"type.googleapis.com/magma.sctpd.SendUlReq" value:"\x08\x03\x10\x02\x1a& \t\x00\"\x00\x00\x03\x00\x00@\x02\x00\x02\x00\x08@\x02\x00\x02\x003@\x0f\x00\x002@\n\n\x1f\xc0\xa8<\x8d\n\x00\x02( \x12"} response:{type_url:"type.googleapis.com/magma.sctpd.SendUlRes"}} unary_calls:{method:"/magma.sctpd.SctpdUplink/SendUl" request:{type_url:"type.googleapis.com/magma.sctpd.SendUlReq" value:"\x08\x03\x10\x02\x1aW\x00\x16@S\x00\x00\x03\x00\x00\x00\x02\x00\x02\x00\x08\x00\x02\x00\x02\x00J@@?\x01\xe8\x01\x03\xacY\x80\x07\x00\x08 \x81\x83\x9bN\x1c?\xf8\x7f\xf0\xff\xe1\xff\xc3\xff\x87\xff\x0f\xfe\x1f\xfd\xf87bx\x00\xa0\x18_\x80\x00\x00\x00\x1c\x07\xe0݉\xe0\x00\x00\x00\x07\t\xf87bx\x00\x00\x00\x00\x00 \x12"} response:{type_url:"type.googleapis.com/magma.sctpd.SendUlRes"}} unary_calls:{method:"/magma.sctpd.SctpdUplink/SendUl" request:{type_url:"type.googleapis.com/magma.sctpd.SendUlReq" value:"\x08\x03\x10\x02\x1a;\x00\r@7\x00\x00\x05\x00\x00\x00\x02\x00\x02\x00\x08\x00\x02\x00\x02\x00\x1a\x00\x0e\r'\xda\xf8>o\x01\x07C\x00\x03R\x00\xc2\x00d@\x08\x00\x00\xf1\x10\x00\x00\x00\xa0\x00C@\x06\x00\x00\xf1\x10\x00\x01 \x12"} response:{type_url:"type.googleapis.com/magma.sctpd.SendUlRes"}} unary_calls:{method:"/magma.sctpd.SctpdDownlink/SendDl" request:{type_url:"type.googleapis.com/magma.sctpd.SendDlReq" value:"\x08\x03\x10\x02\x1a3\x00\x0b@/\x00\x00\x03\x00\x00\x00\x02\x00\x02\x00\x08\x00\x02\x00\x02\x00\x1a\x00\x1c\x1b'\x04\x06zB\x02\x07aC\x01\x80E\x01\x80F\x00G\x12\x11B\x91\x02\x12\x00I\x01\x00 \x12"} response:{type_url:"type.googleapis.com/magma.sctpd.SendDlRes" value:"\x08\x01"}} unary_calls:{method:"/magma.sctpd.SctpdUplink/SendUl" request:{type_url:"type.googleapis.com/magma.sctpd.SendUlReq" value:"\x08\x03\x10\x02\x1aC\x00\r@?\x00\x00\x05\x00\x00\x00\x02\x00\x02\x00\x08\x00\x02\x00\x02\x00\x1a\x00\x16\x15'+\xdc$R\x02\x07E\t\x0b\xf6\x00\xf1\x10\x00\x01\x01\x0cqߢ\x00d@\x08\x00\x00\xf1\x10\x00\x00\x00\xa0\x00C@\x06\x00\x00\xf1\x10\x00\x01 \x12"} response:{type_url:"type.googleapis.com/magma.sctpd.SendUlRes"}} unary_calls:{method:"/magma.sctpd.SctpdDownlink/SendDl" request:{type_url:"type.googleapis.com/magma.sctpd.SendDlReq" value:"\x08\x03\x10\x02\x1a\x14\x00\x17\x00\x10\x00\x00\x02\x00c\x00\x04\x00\x02\x00\x02\x00\x02@\x01$ \x12"} response:{type_url:"type.googleapis.com/magma.sctpd.SendDlRes" value:"\x08\x01"}} unary_calls:{method:"/magma.sctpd.SctpdUplink/SendUl" request:{type_url:"type.googleapis.com/magma.sctpd.SendUlReq" value:"\x08\x03\x10\x02\x1a\x13 \x17\x00\x0f\x00\x00\x02\x00\x00@\x02\x00\x02\x00\x08@\x02\x00\x02 \x12"} response:{type_url:"type.googleapis.com/magma.sctpd.SendUlRes"}}