swagger: ""
info:
  title: ""
  description: ""
  version: ""
basePath: ""
consumes: []
produces: []
schemes: []
securityDefinitions: {}
security: []
tags:
- description: Tag foobar
  name: Tag
paths:
  /foopath:
    get:
      responses:
        "200":
          description: Bar baz
          schema:
            type: integer
      summary: Foo
responses: {}
parameters: {}
definitions:
  bar_def:
    properties:
      baz:
        properties:
          hello:
            minLength: 1
            type: string
          world:
            type: integer
        type: object
      quz:
        type: integer
    required:
    - baz
    - quz
    type: object
  baz_array:
    items:
      $ref: '#/definitions/importing_def'
    type: array
  foo_def:
    properties:
      bar:
        minLength: 1
        type: string
      baz:
        type: integer
    required:
    - bar
    - baz
    type: object
  importing_chain_def:
    properties:
      bar:
        $ref: '#/definitions/bar_def'
      baz:
        $ref: '#/definitions/importing_def'
      baz_array:
        $ref: '#/definitions/baz_array'
      foo:
        $ref: '#/definitions/foo_def'
    required:
    - foo
    - bar
    - baz
    type: object
  importing_def:
    properties:
      bar:
        $ref: '#/definitions/bar_def'
      baz:
        minLength: 1
        type: string
      foo:
        $ref: '#/definitions/foo_def'
    required:
    - foo
    - bar
    - baz
    type: object
