oYHBgAgEAAICBAgPBIEBAKMZoBeAEjIwMjEwNjI1MTMwNTM4LjIwNIEBAIQBAKkbMBmAAQOhFIEIg1BkSCMRExeDCAABAQAAAADxkggIZss5eRX/5JQBEroggAU0OTAwMqEXpRWBAQGiEIEOMTkyLjE2OC42MC4xNDK/JEeBBQHAqIAMggsKbWFnbWEuaXB2NIUaSU1TSTAwMTAxMDAwMDAwMDAwMS0xMDQ1NTKHAQaKAQG3D4ENGADxEAABAPEQAAAKCg==
