// Code generated by go-swagger; DO NOT EDIT.

package models

// This file was generated by the swagger tool.
// Editing this file might prove futile when you re-run the swagger generate command

import (
	strfmt "github.com/go-openapi/strfmt"

	"github.com/go-openapi/errors"
	"github.com/go-openapi/swag"
	"github.com/go-openapi/validate"
)

// ImportingChainDef importing chain def
// swagger:model importing_chain_def
type ImportingChainDef struct {

	// bar
	// Required: true
	Bar *BarDef `json:"bar"`

	// baz
	// Required: true
	Baz *ImportingDef `json:"baz"`

	// baz array
	BazArray BazArray `json:"baz_array,omitempty"`

	// foo
	// Required: true
	Foo *FooDef `json:"foo"`
}

// Validate validates this importing chain def
func (m *ImportingChainDef) Validate(formats strfmt.Registry) error {
	var res []error

	if err := m.validateBar(formats); err != nil {
		res = append(res, err)
	}

	if err := m.validateBaz(formats); err != nil {
		res = append(res, err)
	}

	if err := m.validateBazArray(formats); err != nil {
		res = append(res, err)
	}

	if err := m.validateFoo(formats); err != nil {
		res = append(res, err)
	}

	if len(res) > 0 {
		return errors.CompositeValidationError(res...)
	}
	return nil
}

func (m *ImportingChainDef) validateBar(formats strfmt.Registry) error {

	if err := validate.Required("bar", "body", m.Bar); err != nil {
		return err
	}

	if m.Bar != nil {
		if err := m.Bar.Validate(formats); err != nil {
			if ve, ok := err.(*errors.Validation); ok {
				return ve.ValidateName("bar")
			}
			return err
		}
	}

	return nil
}

func (m *ImportingChainDef) validateBaz(formats strfmt.Registry) error {

	if err := validate.Required("baz", "body", m.Baz); err != nil {
		return err
	}

	if m.Baz != nil {
		if err := m.Baz.Validate(formats); err != nil {
			if ve, ok := err.(*errors.Validation); ok {
				return ve.ValidateName("baz")
			}
			return err
		}
	}

	return nil
}

func (m *ImportingChainDef) validateBazArray(formats strfmt.Registry) error {

	if swag.IsZero(m.BazArray) { // not required
		return nil
	}

	if err := m.BazArray.Validate(formats); err != nil {
		if ve, ok := err.(*errors.Validation); ok {
			return ve.ValidateName("baz_array")
		}
		return err
	}

	return nil
}

func (m *ImportingChainDef) validateFoo(formats strfmt.Registry) error {

	if err := validate.Required("foo", "body", m.Foo); err != nil {
		return err
	}

	if m.Foo != nil {
		if err := m.Foo.Validate(formats); err != nil {
			if ve, ok := err.(*errors.Validation); ok {
				return ve.ValidateName("foo")
			}
			return err
		}
	}

	return nil
}

// MarshalBinary interface implementation
func (m *ImportingChainDef) MarshalBinary() ([]byte, error) {
	if m == nil {
		return nil, nil
	}
	return swag.WriteJSON(m)
}

// UnmarshalBinary interface implementation
func (m *ImportingChainDef) UnmarshalBinary(b []byte) error {
	var res ImportingChainDef
	if err := swag.ReadJSON(b, &res); err != nil {
		return err
	}
	*m = res
	return nil
}
